<html>
<body>
<pre>
<h1>µVision Build Log</h1>
<h2>Tool Versions:</h2>
IDE-Version: ¦ÌVision V5.25.2.0
Copyright (C) 2018 ARM Ltd and ARM Germany GmbH. All rights reserved.
License Information: Chris Chris, Chris, LIC=7YKPC-7RE6V-VHP87-EH5PQ-WGZ98-QV7FC
 
Tool Versions:
Toolchain:       MDK-ARM Professional  Version: 5.25.2.0
Toolchain Path:  D:\keil5\ARM\ARMCC\Bin
C Compiler:      Armcc.exe V5.06 update 6 (build 750)
Assembler:       Armasm.exe V5.06 update 6 (build 750)
Linker/Locator:  ArmLink.exe V5.06 update 6 (build 750)
Library Manager: ArmAr.exe V5.06 update 6 (build 750)
Hex Converter:   FromElf.exe V5.06 update 6 (build 750)
CPU DLL:         SARMCM3.DLL V5.25.2.0
Dialog DLL:      DCM.DLL V1.17.1.0
Target DLL:      STLink\ST-LINKIII-KEIL_SWO.dll V3.0.1.0
Dialog DLL:      TCM.DLL V1.35.1.0
 
<h2>Project:</h2>
D:\HAL_project\MQ_project\mq_pro\MDK-ARM\mq_pro.uvprojx
Project File Date:  05/23/2019

<h2>Output:</h2>
*** Using Compiler 'V5.06 update 6 (build 750)', folder: 'D:\keil5\ARM\ARMCC\Bin'
Build target 'mq_pro'
compiling main.c...
../Src/main.c(127): warning:  #167-D: argument of type "volatile uint8_t *" is incompatible with parameter of type "uint8_t *"
  	HAL_UART_Receive_IT(&huart3,&Order,1);
../Src/main.c(267): warning:  #167-D: argument of type "volatile uint8_t *" is incompatible with parameter of type "uint8_t *"
  	HAL_UART_Receive_IT(&huart3,&Order,1);
../Src/main.c: 2 warnings, 0 errors
linking...
Program Size: Code=13976 RO-data=1880 RW-data=24 ZI-data=1368  
FromELF: creating hex file...
"mq_pro\mq_pro.axf" - 0 Error(s), 2 Warning(s).

<h2>Software Packages used:</h2>

Package Vendor: ARM
                http://www.keil.com/pack/ARM.CMSIS.5.3.0.pack
                ARM.CMSIS.5.3.0
                CMSIS (Cortex Microcontroller Software Interface Standard)
   * Component: CORE Version: 5.1.1

Package Vendor: Keil
                http://www.keil.com/pack/Keil.STM32F1xx_DFP.2.2.0.pack
                Keil.STM32F1xx_DFP.2.2.0
                STMicroelectronics STM32F1 Series Device Support, Drivers and Examples

<h2>Collection of Component include folders:</h2>
  .\RTE\_mq_pro
  D:\keil5\ARM\PACK\ARM\CMSIS\5.3.0\CMSIS\Include
  D:\keil5\ARM\PACK\Keil\STM32F1xx_DFP\2.2.0\Device\Include

<h2>Collection of Component Files used:</h2>

   * Component: ARM::CMSIS:CORE:5.1.1
Build Time Elapsed:  00:00:08
</pre>
</body>
</html>
